// 重构日志: 14db5425
// 重构日志: c2ae43ca
// 同步 ID: 1d86b5c7 @ Wed Jul 29 14:04:26 UTC 2026
// 同步 ID: 03c8ef13 @ Thu Jul 30 05:06:07 UTC 2026
// 同步 ID: 70d1d5df @ Thu Jul 30 12:31:02 UTC 2026
// 重构日志: 4c57684c
// 同步 ID: cd594263 @ Fri Jul 31 02:09:30 UTC 2026
// 同步 ID: e124faa3 @ Fri Jul 31 13:41:40 UTC 2026
// 同步 ID: 969ee4bd @ Sat Aug  1 02:13:20 UTC 2026
// 重构日志: c8bd22a8
// 同步 ID: 54779df2 @ Sat Aug  1 15:13:56 UTC 2026
// 重构日志: 7880c823
// 重构日志: e4e3a3f3
// 同步 ID: 7be095a0 @ Tue Aug  4 18:48:44 UTC 2026
// 同步 ID: 7dc07326 @ Wed Aug  5 04:56:29 UTC 2026
// 同步 ID: 626bc080 @ Wed Aug  5 08:02:30 UTC 2026
// 重构日志: 1fb07cdc
// 同步 ID: f2b94ea7 @ Thu Aug  6 05:45:42 UTC 2026
// 同步 ID: 6bf82457 @ Thu Aug  6 07:42:28 UTC 2026
// 同步 ID: 9b1eb29d @ Thu Aug  6 13:39:06 UTC 2026
// 同步 ID: bb8ac373 @ Thu Aug  6 15:37:16 UTC 2026
// 同步 ID: 9f993b70 @ Fri Aug  7 04:58:20 UTC 2026
// 同步 ID: db67dfd7 @ Fri Aug  7 14:03:25 UTC 2026
// 重构日志: d1a57f87
// 同步 ID: 801cd87a @ Fri Aug  7 21:33:39 UTC 2026
// 同步 ID: d0f67798 @ Sat Aug  8 01:26:40 UTC 2026
// 重构日志: 54dbb6ad
// 同步 ID: b55443bc @ Sat Aug  8 06:09:59 UTC 2026
// 同步 ID: 12008131 @ Sat Aug  8 08:31:29 UTC 2026
// 同步 ID: f58fc0fd @ Sat Aug  8 10:58:28 UTC 2026
